Loading sec-a-1-factoring-and-completing-the-square
Loading sec-a-3-exponents-and-radicals
Loading sec-a-4-inequalities-and-absolute-values
Loading sec-b-1-lines
Loading sec-d-1-least-upper-bound-property
Loading sec-d-2-monotone-convergence-theorem
Loading sec-d-4-extreme-value-theorem-proof-outline
Loading sec-e-1-graphing-windows
Loading sec-e-3-calculator-and-cas-syntax
Loading sec-e-4-simple-python-experiments-for-calculus
Checked 10 of 47
Loading sec-f-3-common-taylor-series
Loading sec-1-1-the-dashboard-speedometer-and-odometer
Loading sec-1-7-discovery-problems-and-projects
Loading sec-2-2-completeness-and-the-idea-of-no-gaps
Loading sec-3-6-two-theorems-about-continuous-functions
Loading sec-3-7-warning-examples
Loading sec-3-9-chapter-review-and-discovery-problems
Loading sec-4-5-differentiability-and-continuity
Loading sec-5-8-general-power-rule-and-hyperbolic-functions
Loading sec-6-6-indeterminate-forms-and-l-hospital-s-rule
Checked 20 of 47
Loading sec-6-8-chapter-review-and-discovery-problems
Loading sec-7-6-logistic-growth-and-limited-resources
Loading sec-7-9-chapter-review-and-applications
Loading sec-9-7-chapter-review-and-discovery-problems
Loading sec-11-6-computer-algebra-systems-and-integral-tables
Loading sec-11-9-chapter-review-and-discovery-problems
Loading sec-12-6-computing-experiments
Loading sec-13-4-separable-equations
Loading sec-13-6-first-order-linear-equations
Loading sec-13-7-second-order-equations-and-vibration
Checked 30 of 47
Loading sec-13-9-warning-examples
Loading sec-additional-runge-kutta
Loading sec-14-6-conic-sections
Loading sec-14-9-warning-examples
Loading sec-15-9-chapter-review-and-discovery-problems
Loading sec-16-2-working-with-power-series
Loading sec-16-3-representing-functions-by-power-series
Loading sec-16-4-taylor-polynomials
Loading sec-16-5-taylor-s-theorem-and-remainders
Loading sec-16-7-applications-of-taylor-series
Checked 40 of 47
Loading sec-16-9-warning-examples
Loading sec-17-3-fourier-series-preview
Loading sec-17-4-the-one-dimensional-stokes-theorem
Loading sec-17-5-conservation-laws-in-one-dimension
Loading sec-17-6-least-action-and-the-shape-of-a-path
Loading sec-17-7-final-projects
Loading sec-additional-local-existence-uniqueness
Sections: 47 math errors: 0 failed math loads: 0 broken images: 0
