Loading sec-1-1-the-dashboard-speedometer-and-odometer
Loading sec-1-2-constant-velocity-where-slope-and-area-first-meet
Loading sec-1-3-forward-backward-and-signed-motion
Loading sec-1-4-calculus-without-limits-finite-differences-and-finite-sums
Loading sec-1-5-changing-velocity-and-the-need-for-limits
Loading sec-1-6-a-first-map-of-the-book
Loading sec-1-7-discovery-problems-and-projects
Loading sec-2-1-the-real-line-and-intervals
Loading sec-2-2-completeness-and-the-idea-of-no-gaps
Loading sec-2-3-functions-as-assignments
Checked 10 of 188
Loading sec-2-4-graphs-and-transformations
Loading sec-2-5-combining-functions
Loading sec-2-6-a-catalog-of-essential-functions
Loading sec-2-7-models-before-calculus
Loading sec-2-8-technology-and-graphs
Loading sec-2-9-chapter-review-and-discovery-problems
Loading sec-3-1-limits-from-motion-and-approximation
Loading sec-3-2-calculating-limits
Loading sec-3-3-one-sided-limits-and-infinite-behavior
Loading sec-3-4-the-precise-definition-of-a-limit
Checked 20 of 188
Loading sec-3-5-continuity
Loading sec-3-6-two-theorems-about-continuous-functions
Loading sec-3-7-warning-examples
Loading sec-3-8-sequences-as-limits-indexed-by-whole-numbers
Loading sec-3-9-chapter-review-and-discovery-problems
Loading sec-4-1-average-rate-of-change
Loading sec-4-2-instantaneous-rate-of-change
Loading sec-4-3-the-derivative-as-a-function
Loading sec-4-4-local-linear-approximation
Loading sec-4-5-differentiability-and-continuity
Checked 30 of 188
Loading sec-4-6-first-derivative-formulas
Loading sec-4-7-motion-revisited
Loading sec-4-8-warning-examples
Loading sec-4-9-chapter-review-and-discovery-problems
Loading sec-5-1-the-algebra-of-derivatives
Loading sec-5-2-product-and-quotient-rules
Loading sec-5-3-the-chain-rule
Loading sec-5-4-implicit-differentiation
Loading sec-5-5-derivatives-of-trigonometric-functions
Loading sec-5-6-derivatives-of-exponential-and-logarithmic-functions
Checked 40 of 188
Loading sec-5-7-inverse-functions-and-inverse-trigonometric-functions
Loading sec-5-8-general-power-rule-and-hyperbolic-functions
Loading sec-5-9-warning-examples
Loading sec-5-10-chapter-review-and-discovery-problems
Loading sec-6-1-increasing-and-decreasing-functions
Loading sec-6-2-local-and-absolute-extrema
Loading sec-6-3-rolle-s-theorem-and-the-mean-value-theorem
Loading sec-6-4-concavity-and-second-derivatives
Loading sec-6-5-graph-sketching-with-calculus
Loading sec-6-6-indeterminate-forms-and-l-hospital-s-rule
Checked 50 of 188
Loading sec-6-7-warning-examples
Loading sec-6-8-chapter-review-and-discovery-problems
Loading sec-7-1-related-rates
Loading sec-7-2-optimization-problems
Loading sec-7-3-linear-approximation-in-applications
Loading sec-7-4-newton-s-method
Loading sec-7-5-exponential-growth-and-decay
Loading sec-7-6-logistic-growth-and-limited-resources
Loading sec-7-7-light-time-and-extremal-principles
Loading sec-7-8-warning-examples
Checked 60 of 188
Loading sec-7-9-chapter-review-and-applications
Loading sec-8-1-distance-from-velocity
Loading sec-8-2-area-under-a-graph
Loading sec-8-3-sigma-notation-and-finite-sums
Loading sec-8-4-the-definite-integral
Loading sec-8-5-signed-area-and-net-change
Loading sec-8-6-properties-of-the-integral
Loading sec-8-7-existence-of-integrals
Loading sec-8-8-chapter-review-and-discovery-problems
Loading sec-9-1-accumulation-functions
Checked 70 of 188
Loading sec-9-2-fundamental-theorem-part-i
Loading sec-9-3-fundamental-theorem-part-ii
Loading sec-9-4-indefinite-integrals
Loading sec-9-5-differential-notation-and-oriented-length
Loading sec-9-6-warning-examples
Loading sec-9-7-chapter-review-and-discovery-problems
Loading sec-10-1-area-between-curves
Loading sec-10-2-volumes-by-slicing
Loading sec-10-3-cylindrical-shells
Loading sec-10-4-mass-density-and-center-of-mass
Checked 80 of 188
Loading sec-10-5-work-and-energy
Loading sec-10-6-hydrostatic-force
Loading sec-10-7-average-value-and-probability
Loading sec-10-8-arc-length-and-surface-area-of-revolution
Loading sec-10-9-chapter-review-and-applications
Loading sec-11-1-integration-by-parts
Loading sec-11-2-trigonometric-integrals
Loading sec-11-3-trigonometric-substitution
Loading sec-11-4-rational-functions-and-partial-fractions
Loading sec-11-5-strategy-for-integration
Checked 90 of 188
Loading sec-11-6-computer-algebra-systems-and-integral-tables
Loading sec-11-7-improper-integrals
Loading sec-11-8-warning-examples
Loading sec-11-9-chapter-review-and-discovery-problems
Loading sec-12-1-why-approximate-integrals
Loading sec-12-2-midpoint-and-trapezoidal-rules
Loading sec-12-3-simpson-s-rule
Loading sec-12-4-numerical-differentiation
Loading sec-12-5-newton-s-method-revisited
Loading sec-12-6-computing-experiments
Checked 100 of 188
Loading sec-12-7-chapter-review-and-discovery-problems
Loading sec-additional-richardson-romberg
Loading sec-additional-adaptive-quadrature
Loading sec-13-1-modeling-with-differential-equations
Loading sec-13-2-direction-fields
Loading sec-13-3-euler-s-method
Loading sec-13-4-separable-equations
Loading sec-13-5-logistic-and-threshold-models
Loading sec-13-6-first-order-linear-equations
Loading sec-13-7-second-order-equations-and-vibration
Checked 110 of 188
Loading sec-13-8-systems-and-interaction-models
Loading sec-13-9-warning-examples
Loading sec-13-10-chapter-review-and-applications
Loading sec-additional-runge-kutta
Loading sec-14-1-parametric-curves
Loading sec-14-2-calculus-with-parametric-curves
Loading sec-14-3-length-and-area-for-parametric-curves
Loading sec-14-4-polar-coordinates
Loading sec-14-5-calculus-in-polar-coordinates
Loading sec-14-6-conic-sections
Checked 120 of 188
Loading sec-14-7-planetary-motion-as-a-capstone
Loading sec-14-8-complex-numbers-and-polar-form
Loading sec-14-9-warning-examples
Loading sec-14-10-chapter-review-and-projects
Loading sec-15-1-sequences
Loading sec-15-2-infinite-series
Loading sec-15-3-the-harmonic-series-and-first-warnings
Loading sec-15-4-positive-series-tests
Loading sec-15-5-alternating-series
Loading sec-15-6-absolute-convergence-and-stronger-tests
Checked 130 of 188
Loading sec-15-7-rearrangement-and-the-danger-of-infinity
Loading sec-15-8-warning-examples
Loading sec-15-9-chapter-review-and-discovery-problems
Loading sec-additional-contraction-iteration
Loading sec-16-1-power-series
Loading sec-16-2-working-with-power-series
Loading sec-16-3-representing-functions-by-power-series
Loading sec-16-4-taylor-polynomials
Loading sec-16-5-taylor-s-theorem-and-remainders
Loading sec-16-6-taylor-series-for-elementary-functions
Checked 140 of 188
Loading sec-16-7-applications-of-taylor-series
Loading sec-16-8-uniform-convergence-preview
Loading sec-16-9-warning-examples
Loading sec-16-10-chapter-review-and-projects
Loading sec-additional-weierstrass-m-test
Loading sec-17-1-complex-numbers-and-euler-s-formula
Loading sec-17-2-vibrations-and-second-order-equations
Loading sec-17-3-fourier-series-preview
Loading sec-17-4-the-one-dimensional-stokes-theorem
Loading sec-17-5-conservation-laws-in-one-dimension
Checked 150 of 188
Loading sec-17-6-least-action-and-the-shape-of-a-path
Loading sec-17-7-final-projects
Loading sec-additional-local-existence-uniqueness
Loading sec-a-1-factoring-and-completing-the-square
Loading sec-a-2-rational-expressions
Loading sec-a-3-exponents-and-radicals
Loading sec-a-4-inequalities-and-absolute-values
Loading sec-a-5-sigma-notation-practice
Loading sec-a-6-practice-problems
Loading sec-b-1-lines
Checked 160 of 188
Loading sec-b-2-circles
Loading sec-b-3-parabolas-ellipses-and-hyperbolas
Loading sec-b-4-distance-and-midpoint-formulas
Loading sec-b-5-scaling-and-shifting-graphs
Loading sec-b-6-practice-problems
Loading sec-c-1-unit-circle-definitions
Loading sec-c-2-basic-identities
Loading sec-c-3-addition-formulas
Loading sec-c-4-inverse-trigonometric-functions
Loading sec-c-5-trigonometric-equations
Checked 170 of 188
Loading sec-c-6-practice-problems
Loading sec-d-1-least-upper-bound-property
Loading sec-d-2-monotone-convergence-theorem
Loading sec-d-3-bolzano-s-theorem-and-bisection
Loading sec-d-4-extreme-value-theorem-proof-outline
Loading sec-d-5-uniform-continuity-on-closed-intervals
Loading sec-d-6-practice-problems
Loading sec-e-1-graphing-windows
Loading sec-e-2-numerical-precision-and-roundoff
Loading sec-e-3-calculator-and-cas-syntax
Checked 180 of 188
Loading sec-e-4-simple-python-experiments-for-calculus
Loading sec-e-5-plotting-sequences-sums-and-taylor-polynomials
Loading sec-e-6-practice-problems
Loading sec-f-1-derivative-formulas
Loading sec-f-2-integral-formulas
Loading sec-f-3-common-taylor-series
Loading sec-f-4-series-tests
Loading sec-f-5-numerical-integration-rules
Sections: 188 math errors: 0 failed math loads: 0 broken images: 0
