Version 2.55.0 of pretext is available.  You are currently using version 2.53.0.
To upgrade, run `pretext upgrade`.
PreTeXt project found in `D:\work\sabbatical\2025\Books\SV-Calculus`.
[33mwarning: [0mUsing CLI version 2.53.0 but project's `requirements.txt`
[33mwarning: [0mis configured to use 2.49.1. Consider either installing
[33mwarning: [0mCLI version 2.49.1 or running `pretext update-project`
[33mwarning: [0mto update `requirements.txt` and other managed files to match 2.53.0.
Generating any needed assets.
XSL conversion of D:\work\sabbatical\2025\Books\SV-Calculus\source\main.ptx by C:\Users\cyril\.ptx\2.53.0\core\xsl\utilities\pretext-enhanced-source.xsl
messages from the log for XSL processing (prefaced with a *):
[33mwarning: [0m* PTX:DEPRECATE: (2026-07-30) the external directory is a property of your source, and is now declared with a "directories/@external" attribute within "docinfo".  The publication file entry "source/directories/@external" is honored meanwhile, but please relocate it.
successful application of C:\Users\cyril\.ptx\2.53.0\core\xsl\utilities\pretext-enhanced-source.xsl
discovering source file's directory name: D:\work\sabbatical\2025\Books\SV-Calculus\source
[33mwarning: [0m(2026-07-30) the external directory is a property of your source, and is now declared with a "directories/@external" attribute within "docinfo". The publisher file entry "source/directories/@external" is honored meanwhile, but please relocate it.
verifying and expanding input directory: D:\work\sabbatical\2025\Books\SV-Calculus\source\../assets
input directory expanded to absolute path: D:\work\sabbatical\2025\Books\SV-Calculus\assets
[33mwarning: [0mNow generating latex images
converting latex-image pictures from D:\work\sabbatical\2025\Books\SV-Calculus\source\main.ptx to svg graphics for placement in D:\work\sabbatical\2025\Books\SV-Calculus\generated-assets\latex-image
extracting latex-image pictures from D:\work\sabbatical\2025\Books\SV-Calculus\source\main.ptx
string parameters passed to extraction stylesheet: {'publisher': 'D:/work/sabbatical/2025/Books/SV-Calculus/publication/publication.ptx'}
discovering source file's directory name: D:\work\sabbatical\2025\Books\SV-Calculus\source
[33mwarning: [0m(2026-07-30) the external directory is a property of your source, and is now declared with a "directories/@external" attribute within "docinfo". The publisher file entry "source/directories/@external" is honored meanwhile, but please relocate it.
verifying and expanding input directory: D:\work\sabbatical\2025\Books\SV-Calculus\source\../assets
input directory expanded to absolute path: D:\work\sabbatical\2025\Books\SV-Calculus\assets
discovering source file's directory name: D:\work\sabbatical\2025\Books\SV-Calculus\source
XSL conversion of D:\work\sabbatical\2025\Books\SV-Calculus\source\main.ptx by C:\Users\cyril\.ptx\2.53.0\core\xsl\extract-latex-image.xsl
messages from the log for XSL processing (prefaced with a *):
[33mwarning: [0m* PTX:DEPRECATE: (2026-07-30) the external directory is a property of your source, and is now declared with a "directories/@external" attribute within "docinfo".  The publication file entry "source/directories/@external" is honored meanwhile, but please relocate it.
successful application of C:\Users\cyril\.ptx\2.53.0\core\xsl\extract-latex-image.xsl
converting fig-conditional-improper-lobes-2.tex to fig-conditional-improper-lobes-2.pdf
cropping fig-conditional-improper-lobes-2.pdf to cropped-fig-conditional-improper-lobes-2.pdf
renaming cropped-fig-conditional-improper-lobes-2.pdf to fig-conditional-improper-lobes-2.pdf
converting fig-conditional-improper-lobes-2.pdf to fig-conditional-improper-lobes-2.svg
converting fig-contraction-cos-cobweb-2.tex to fig-contraction-cos-cobweb-2.pdf
cropping fig-contraction-cos-cobweb-2.pdf to cropped-fig-contraction-cos-cobweb-2.pdf
renaming cropped-fig-contraction-cos-cobweb-2.pdf to fig-contraction-cos-cobweb-2.pdf
converting fig-contraction-cos-cobweb-2.pdf to fig-contraction-cos-cobweb-2.svg
converting fig-inverse-hyperbolic-branches-2.tex to fig-inverse-hyperbolic-branches-2.pdf
cropping fig-inverse-hyperbolic-branches-2.pdf to cropped-fig-inverse-hyperbolic-branches-2.pdf
renaming cropped-fig-inverse-hyperbolic-branches-2.pdf to fig-inverse-hyperbolic-branches-2.pdf
converting fig-inverse-hyperbolic-branches-2.pdf to fig-inverse-hyperbolic-branches-2.svg
converting fig-ode-nonunique-waiting-2.tex to fig-ode-nonunique-waiting-2.pdf
cropping fig-ode-nonunique-waiting-2.pdf to cropped-fig-ode-nonunique-waiting-2.pdf
renaming cropped-fig-ode-nonunique-waiting-2.pdf to fig-ode-nonunique-waiting-2.pdf
converting fig-ode-nonunique-waiting-2.pdf to fig-ode-nonunique-waiting-2.svg
converting fig-radius-of-convergence-2.tex to fig-radius-of-convergence-2.pdf
cropping fig-radius-of-convergence-2.pdf to cropped-fig-radius-of-convergence-2.pdf
renaming cropped-fig-radius-of-convergence-2.pdf to fig-radius-of-convergence-2.pdf
converting fig-radius-of-convergence-2.pdf to fig-radius-of-convergence-2.svg
Removing temporary directory C:\Users\cyril\AppData\Local\Temp\ptx-kih8evv3
[33mwarning: [0mFailed to remove temporary directories, starting with C:\Users\cyril\AppData\Local\Temp\ptx-kih8evv3 (and maybe some others): [WinError 5] Access is denied: 'C:\\Users\\cyril\\AppData\\Local\\Temp\\ptx-kih8evv3\\external\\images'
Finished generating assets.

Finished generating assets successfully.


