{
  "source_files": 215,
  "counts": {
    "pretext": 2,
    "docinfo": 1,
    "document-id": 1,
    "macros": 1,
    "latex-image-preamble": 1,
    "book": 1,
    "title": 3611,
    "subtitle": 1,
    "frontmatter": 1,
    "bibinfo": 1,
    "author": 1,
    "personname": 1,
    "institution": 1,
    "date": 1,
    "today": 1,
    "titlepage": 1,
    "titlepage-items": 1,
    "preface": 2,
    "p": 33233,
    "em": 352,
    "part": 8,
    "chapter": 17,
    "shorttitle": 18,
    "introduction": 206,
    "section": 188,
    "figure": 327,
    "caption": 327,
    "image": 370,
    "description": 370,
    "latex-image": 369,
    "m": 13113,
    "me": 12111,
    "subsection": 975,
    "exercise": 592,
    "statement": 645,
    "hint": 592,
    "q": 48,
    "table": 159,
    "tabular": 159,
    "col": 317,
    "row": 869,
    "cell": 2444,
    "alert": 413,
    "sidebyside": 36,
    "note": 431,
    "example": 614,
    "md": 24,
    "mrow": 72,
    "theorem": 39,
    "xref": 47,
    "paragraphs": 499,
    "ol": 193,
    "li": 1371,
    "definition": 14,
    "warning": 67,
    "url": 1,
    "pre": 15,
    "c": 38,
    "shortdescription": 1,
    "asymptote": 1,
    "proof": 6,
    "backmatter": 1,
    "appendix": 6,
    "colophon": 1
  },
  "errors": 0,
  "error_examples": []
}
