Loading sec-17-3-fourier-series-preview
Loading sec-17-5-conservation-laws-in-one-dimension
Loading sec-17-7-final-projects
Loading sec-16-10-chapter-review-and-projects
Loading sec-16-2-working-with-power-series
Loading sec-16-4-taylor-polynomials
Loading sec-16-5-taylor-s-theorem-and-remainders
Loading sec-16-7-applications-of-taylor-series
Loading sec-16-8-uniform-convergence-preview
Loading sec-16-9-warning-examples
Checked 10 of 74
Loading sec-15-6-absolute-convergence-and-stronger-tests
Loading sec-15-8-warning-examples
Loading sec-15-9-chapter-review-and-discovery-problems
Loading sec-14-1-parametric-curves
Loading sec-14-10-chapter-review-and-projects
Loading sec-14-4-polar-coordinates
Loading sec-14-5-calculus-in-polar-coordinates
Loading sec-14-6-conic-sections
Loading sec-14-9-warning-examples
Loading sec-13-10-chapter-review-and-applications
Checked 20 of 74
Loading sec-13-2-direction-fields
Loading sec-13-3-euler-s-method
Loading sec-13-5-logistic-and-threshold-models
Loading sec-13-9-warning-examples
Loading sec-12-1-why-approximate-integrals
Loading sec-12-2-midpoint-and-trapezoidal-rules
Loading sec-12-4-numerical-differentiation
Loading sec-12-6-computing-experiments
Loading sec-12-7-chapter-review-and-discovery-problems
Loading sec-11-1-integration-by-parts
Checked 30 of 74
Loading sec-11-2-trigonometric-integrals
Loading sec-11-3-trigonometric-substitution
Loading sec-11-4-rational-functions-and-partial-fractions
Loading sec-11-5-strategy-for-integration
Loading sec-11-6-computer-algebra-systems-and-integral-tables
Loading sec-11-9-chapter-review-and-discovery-problems
Loading sec-10-3-cylindrical-shells
Loading sec-10-9-chapter-review-and-applications
Loading sec-9-7-chapter-review-and-discovery-problems
Loading sec-8-8-chapter-review-and-discovery-problems
Checked 40 of 74
Loading sec-7-2-optimization-problems
Loading sec-7-9-chapter-review-and-applications
Loading sec-6-7-warning-examples
Loading sec-5-10-chapter-review-and-discovery-problems
Loading sec-4-5-differentiability-and-continuity
Loading sec-3-1-limits-from-motion-and-approximation
Loading sec-3-2-calculating-limits
Loading sec-3-5-continuity
Loading sec-3-6-two-theorems-about-continuous-functions
Loading sec-3-7-warning-examples
Checked 50 of 74
Loading sec-3-9-chapter-review-and-discovery-problems
Loading sec-2-6-a-catalog-of-essential-functions
Loading sec-2-7-models-before-calculus
Loading sec-2-9-chapter-review-and-discovery-problems
Loading sec-1-1-the-dashboard-speedometer-and-odometer
Loading sec-1-3-forward-backward-and-signed-motion
Loading sec-1-6-a-first-map-of-the-book
Loading sec-f-1-derivative-formulas
Loading sec-f-2-integral-formulas
Loading sec-f-3-common-taylor-series
Checked 60 of 74
Loading sec-f-4-series-tests
Loading sec-f-5-numerical-integration-rules
Loading sec-e-1-graphing-windows
Loading sec-e-2-numerical-precision-and-roundoff
Loading sec-e-3-calculator-and-cas-syntax
Loading sec-e-4-simple-python-experiments-for-calculus
Loading sec-d-5-uniform-continuity-on-closed-intervals
Loading sec-c-2-basic-identities
Loading sec-b-2-circles
Loading sec-b-3-parabolas-ellipses-and-hyperbolas
Checked 70 of 74
Loading sec-b-5-scaling-and-shifting-graphs
Loading sec-a-1-factoring-and-completing-the-square
Loading sec-a-3-exponents-and-radicals
Loading sec-a-4-inequalities-and-absolute-values
Sections: 74 math errors: 0 failed math loads: 0 broken images: 0
