Loading preface
Loading how-to-read
Loading ch01-velocity-distance-and-the-first-shape-of-calculus
Loading ch02-numbers-functions-and-models
Loading ch03-limits-and-continuity
Loading ch04-the-derivative
Loading ch05-differentiation-rules-and-elementary-functions
Loading ch06-shape-extremes-and-the-mean-value-theorem
Loading ch07-optimization-related-rates-and-models
Loading ch08-the-integral-as-accumulation
Checked 10 of 27
Loading ch09-the-fundamental-theorem-of-calculus
Loading ch10-what-integrals-measure
Loading ch11-techniques-of-integration
Loading ch12-numerical-integration-error-and-computation
Loading ch13-differential-equations-laws-written-as-derivatives
Loading ch14-parametric-curves-polar-coordinates-and-conics
Loading ch15-sequences-and-infinite-series
Loading ch16-power-series-taylor-polynomials-and-taylor-series
Loading ch17-complex-numbers-fourier-ideas-and-the-road-ahead
Loading appA-algebra-and-inequalities-review
Checked 20 of 27
Loading appB-coordinate-geometry
Loading appC-trigonometry-in-radians
Loading appD-proofs-and-completeness
Loading appE-technology-notes
Loading appF-tables
Loading sec-5-3-the-chain-rule
Loading sec-15-5-alternating-series
Sections: 27 math errors: 0 failed math loads: 0 broken images: 0
