ch01-1.png 16
ch02-1.png 16
ch02-2.png 11
ch03-1.png 16
ch03-2.png 12
ch04-1.png 16
ch04-2.png 11
ch05-1.png 16
ch05-2.png 1
ch06-1.png 16
ch06-2.png 3
ch07-1.png 16
ch07-2.png 8
ch08-1.png 16
ch08-2.png 6
ch09-1.png 15
ch10-1.png 16
ch10-2.png 8
ch11-1.png 10
ch12-1.png 14
ch13-1.png 16
ch13-2.png 2
ch14-1.png 16
ch14-2.png 16
ch14-3.png 6
ch15-1.png 7
ch16-1.png 11
ch17-1.png 16
ch17-2.png 4
appA-1.png 2
appB-1.png 9
appC-1.png 4
appD-1.png 7
appE-1.png 5
IMAGES 364 MISSING 0
