{
  "source_files": 209,
  "counts": {
    "pretext": 2,
    "docinfo": 1,
    "document-id": 1,
    "macros": 1,
    "latex-image-preamble": 1,
    "book": 1,
    "title": 3527,
    "subtitle": 1,
    "frontmatter": 1,
    "bibinfo": 1,
    "author": 1,
    "personname": 1,
    "institution": 1,
    "date": 1,
    "today": 1,
    "titlepage": 1,
    "titlepage-items": 1,
    "preface": 2,
    "p": 33546,
    "part": 8,
    "chapter": 17,
    "shorttitle": 18,
    "introduction": 200,
    "me": 12272,
    "section": 182,
    "em": 355,
    "figure": 323,
    "caption": 323,
    "image": 366,
    "description": 366,
    "latex-image": 365,
    "m": 12489,
    "subsection": 954,
    "exercise": 580,
    "statement": 626,
    "hint": 580,
    "q": 50,
    "table": 155,
    "tabular": 155,
    "col": 302,
    "row": 848,
    "cell": 2371,
    "alert": 415,
    "sidebyside": 36,
    "note": 428,
    "example": 596,
    "md": 18,
    "mrow": 44,
    "theorem": 32,
    "xref": 28,
    "paragraphs": 496,
    "ol": 193,
    "li": 1375,
    "definition": 14,
    "warning": 57,
    "ul": 1,
    "pre": 14,
    "shortdescription": 1,
    "asymptote": 1,
    "backmatter": 1,
    "appendix": 6,
    "c": 36,
    "colophon": 1
  },
  "errors": 0,
  "error_examples": []
}
