Version 2.55.0 of pretext is available.  You are currently using version 2.53.0.
To upgrade, run `pretext upgrade`.
PreTeXt project found in `D:\work\sabbatical\2025\Books\SV-Calculus`.
[33mwarning: [0mUsing CLI version 2.53.0 but project's `requirements.txt`
[33mwarning: [0mis configured to use 2.49.1. Consider either installing
[33mwarning: [0mCLI version 2.49.1 or running `pretext update-project`
[33mwarning: [0mto update `requirements.txt` and other managed files to match 2.53.0.
Generating any needed assets.
XSL conversion of D:\work\sabbatical\2025\Books\SV-Calculus\source\main.ptx by C:\Users\cyril\.ptx\2.53.0\core\xsl\utilities\pretext-enhanced-source.xsl
messages from the log for XSL processing (prefaced with a *):
[33mwarning: [0m* PTX:DEPRECATE: (2026-07-30) the external directory is a property of your source, and is now declared with a "directories/@external" attribute within "docinfo".  The publication file entry "source/directories/@external" is honored meanwhile, but please relocate it.
successful application of C:\Users\cyril\.ptx\2.53.0\core\xsl\utilities\pretext-enhanced-source.xsl
discovering source file's directory name: D:\work\sabbatical\2025\Books\SV-Calculus\source
[33mwarning: [0m(2026-07-30) the external directory is a property of your source, and is now declared with a "directories/@external" attribute within "docinfo". The publisher file entry "source/directories/@external" is honored meanwhile, but please relocate it.
verifying and expanding input directory: D:\work\sabbatical\2025\Books\SV-Calculus\source\../assets
input directory expanded to absolute path: D:\work\sabbatical\2025\Books\SV-Calculus\assets
[33mwarning: [0mNow generating latex images
converting latex-image pictures from D:\work\sabbatical\2025\Books\SV-Calculus\source\main.ptx to svg graphics for placement in D:\work\sabbatical\2025\Books\SV-Calculus\generated-assets\latex-image
extracting latex-image pictures from D:\work\sabbatical\2025\Books\SV-Calculus\source\main.ptx
string parameters passed to extraction stylesheet: {'publisher': 'D:/work/sabbatical/2025/Books/SV-Calculus/publication/publication.ptx'}
discovering source file's directory name: D:\work\sabbatical\2025\Books\SV-Calculus\source
[33mwarning: [0m(2026-07-30) the external directory is a property of your source, and is now declared with a "directories/@external" attribute within "docinfo". The publisher file entry "source/directories/@external" is honored meanwhile, but please relocate it.
verifying and expanding input directory: D:\work\sabbatical\2025\Books\SV-Calculus\source\../assets
input directory expanded to absolute path: D:\work\sabbatical\2025\Books\SV-Calculus\assets
discovering source file's directory name: D:\work\sabbatical\2025\Books\SV-Calculus\source
XSL conversion of D:\work\sabbatical\2025\Books\SV-Calculus\source\main.ptx by C:\Users\cyril\.ptx\2.53.0\core\xsl\extract-latex-image.xsl
messages from the log for XSL processing (prefaced with a *):
[33mwarning: [0m* PTX:DEPRECATE: (2026-07-30) the external directory is a property of your source, and is now declared with a "directories/@external" attribute within "docinfo".  The publication file entry "source/directories/@external" is honored meanwhile, but please relocate it.
successful application of C:\Users\cyril\.ptx\2.53.0\core\xsl\extract-latex-image.xsl
converting fig-jump-no-limit-2.tex to fig-jump-no-limit-2.pdf
cropping fig-jump-no-limit-2.pdf to cropped-fig-jump-no-limit-2.pdf
renaming cropped-fig-jump-no-limit-2.pdf to fig-jump-no-limit-2.pdf
converting fig-jump-no-limit-2.pdf to fig-jump-no-limit-2.svg
converting fig-limit-hole-different-value-2.tex to fig-limit-hole-different-value-2.pdf
cropping fig-limit-hole-different-value-2.pdf to cropped-fig-limit-hole-different-value-2.pdf
renaming cropped-fig-limit-hole-different-value-2.pdf to fig-limit-hole-different-value-2.pdf
converting fig-limit-hole-different-value-2.pdf to fig-limit-hole-different-value-2.svg
converting fig-linear-mixing-salt-2.tex to fig-linear-mixing-salt-2.pdf
cropping fig-linear-mixing-salt-2.pdf to cropped-fig-linear-mixing-salt-2.pdf
renaming cropped-fig-linear-mixing-salt-2.pdf to fig-linear-mixing-salt-2.pdf
converting fig-linear-mixing-salt-2.pdf to fig-linear-mixing-salt-2.svg
converting fig-parametric-slope-sideways-parabola-2.tex to fig-parametric-slope-sideways-parabola-2.pdf
cropping fig-parametric-slope-sideways-parabola-2.pdf to cropped-fig-parametric-slope-sideways-parabola-2.pdf
renaming cropped-fig-parametric-slope-sideways-parabola-2.pdf to fig-parametric-slope-sideways-parabola-2.pdf
converting fig-parametric-slope-sideways-parabola-2.pdf to fig-parametric-slope-sideways-parabola-2.svg
converting fig-phase-plane-energy-ellipse-2.tex to fig-phase-plane-energy-ellipse-2.pdf
cropping fig-phase-plane-energy-ellipse-2.pdf to cropped-fig-phase-plane-energy-ellipse-2.pdf
renaming cropped-fig-phase-plane-energy-ellipse-2.pdf to fig-phase-plane-energy-ellipse-2.pdf
converting fig-phase-plane-energy-ellipse-2.pdf to fig-phase-plane-energy-ellipse-2.svg
converting fig-removable-continuity-2.tex to fig-removable-continuity-2.pdf
cropping fig-removable-continuity-2.pdf to cropped-fig-removable-continuity-2.pdf
renaming cropped-fig-removable-continuity-2.pdf to fig-removable-continuity-2.pdf
converting fig-removable-continuity-2.pdf to fig-removable-continuity-2.svg
converting fig-secants-to-tangent-2.tex to fig-secants-to-tangent-2.pdf
cropping fig-secants-to-tangent-2.pdf to cropped-fig-secants-to-tangent-2.pdf
renaming cropped-fig-secants-to-tangent-2.pdf to fig-secants-to-tangent-2.pdf
converting fig-secants-to-tangent-2.pdf to fig-secants-to-tangent-2.svg
converting fig-simple-harmonic-motion-cos-2.tex to fig-simple-harmonic-motion-cos-2.pdf
cropping fig-simple-harmonic-motion-cos-2.pdf to cropped-fig-simple-harmonic-motion-cos-2.pdf
renaming cropped-fig-simple-harmonic-motion-cos-2.pdf to fig-simple-harmonic-motion-cos-2.pdf
converting fig-simple-harmonic-motion-cos-2.pdf to fig-simple-harmonic-motion-cos-2.svg
Removing temporary directory C:\Users\cyril\AppData\Local\Temp\ptx-hdxz47pt
[33mwarning: [0mFailed to remove temporary directories, starting with C:\Users\cyril\AppData\Local\Temp\ptx-hdxz47pt (and maybe some others): [WinError 5] Access is denied: 'C:\\Users\\cyril\\AppData\\Local\\Temp\\ptx-hdxz47pt\\external\\images'
Finished generating assets.

Finished generating assets successfully.


