Version 2.55.0 of pretext is available.  You are currently using version 2.53.0.
To upgrade, run `pretext upgrade`.
PreTeXt project found in `D:\work\sabbatical\2025\Books\SV-Calculus`.
[33mwarning: [0mUsing CLI version 2.53.0 but project's `requirements.txt`
[33mwarning: [0mis configured to use 2.49.1. Consider either installing
[33mwarning: [0mCLI version 2.49.1 or running `pretext update-project`
[33mwarning: [0mto update `requirements.txt` and other managed files to match 2.53.0.
Building target web
XSL conversion of D:\work\sabbatical\2025\Books\SV-Calculus\source\main.ptx by C:\Users\cyril\.ptx\2.53.0\core\xsl\utilities\pretext-enhanced-source.xsl
messages from the log for XSL processing (prefaced with a *):
[33mwarning: [0m* PTX:DEPRECATE: (2026-07-30) the external directory is a property of your source, and is now declared with a "directories/@external" attribute within "docinfo".  The publication file entry "source/directories/@external" is honored meanwhile, but please relocate it.
successful application of C:\Users\cyril\.ptx\2.53.0\core\xsl\utilities\pretext-enhanced-source.xsl
discovering source file's directory name: D:\work\sabbatical\2025\Books\SV-Calculus\source
[33mwarning: [0m(2026-07-30) the external directory is a property of your source, and is now declared with a "directories/@external" attribute within "docinfo". The publisher file entry "source/directories/@external" is honored meanwhile, but please relocate it.
verifying and expanding input directory: D:\work\sabbatical\2025\Books\SV-Calculus\source\../assets
input directory expanded to absolute path: D:\work\sabbatical\2025\Books\SV-Calculus\assets
Preparing to build into D:\work\sabbatical\2025\Books\SV-Calculus\output\web.
discovering source file's directory name: D:\work\sabbatical\2025\Books\SV-Calculus\source
[33mwarning: [0m(2026-07-30) the external directory is a property of your source, and is now declared with a "directories/@external" attribute within "docinfo". The publisher file entry "source/directories/@external" is honored meanwhile, but please relocate it.
verifying and expanding input directory: D:\work\sabbatical\2025\Books\SV-Calculus\source\../assets
input directory expanded to absolute path: D:\work\sabbatical\2025\Books\SV-Calculus\assets
discovering source file's directory name: D:\work\sabbatical\2025\Books\SV-Calculus\source
XSL conversion of D:\work\sabbatical\2025\Books\SV-Calculus\source\main.ptx by C:\Users\cyril\.ptx\2.53.0\core\xsl\utilities\report-publisher-variables.xsl
messages from the log for XSL processing (prefaced with a *):
[33mwarning: [0m* PTX:DEPRECATE: (2026-07-30) the external directory is a property of your source, and is now declared with a "directories/@external" attribute within "docinfo".  The publication file entry "source/directories/@external" is honored meanwhile, but please relocate it.
successful application of C:\Users\cyril\.ptx\2.53.0\core\xsl\utilities\report-publisher-variables.xsl
Downloading rs services file from https://runestone.academy/cdn/runestone/latest/webpack_static_imports.xml.
Runestone Services via online CDN query: version 8.3.3
Downloading Runestone Services, version 8.3.3
Extracting Runestone Services from archive file
Building custom css theme: theme-default-modern
converting D:\work\sabbatical\2025\Books\SV-Calculus\source\main.ptx to HTML in C:\Users\cyril\AppData\Local\Temp\ptx-3em8l8np
XSL conversion of D:\work\sabbatical\2025\Books\SV-Calculus\source\main.ptx by C:\Users\cyril\.ptx\2.53.0\core\xsl\pretext-html.xsl
messages from the log for XSL processing (prefaced with a *):
[33mwarning: [0m* PTX:DEPRECATE: (2026-07-30) the external directory is a property of your source, and is now declared with a "directories/@external" attribute within "docinfo".  The publication file entry "source/directories/@external" is honored meanwhile, but please relocate it.
* PTX:INFO:   checking all deprecated elements.
[33mwarning: [0m* PTX:DEPRECATE: (2026-05-11) the "me" and "men" elements have been deprecated.  The replacement is an "md" with no "mrow" children, and numbering is controlled by the "@number" attribute, or a global setting in "docinfo". (12346 times)
*              located at: pretext/book/part/chapter/introduction/p/me
*              located within: "ch01-velocity-distance-and-the-first-shape-of-calculus" (xml:id), "Velocity, Distance, and the First Shape of Calculus" (title)
*              located at: pretext/book/part/chapter/introduction/p/me
*              located within: "ch01-velocity-distance-and-the-first-shape-of-calculus" (xml:id), "Velocity, Distance, and the First Shape of Calculus" (title)
*              located at: pretext/book/part/chapter/section/introduction/p/me
*              located within: "sec-1-1-the-dashboard-speedometer-and-odometer" (xml:id), "The dashboard: speedometer and odometer" (title)
*              located at: pretext/book/part/chapter/section/introduction/p/me
*              located within: "sec-1-1-the-dashboard-speedometer-and-odometer" (xml:id), "The dashboard: speedometer and odometer" (title)
*              located at: pretext/book/part/chapter/section/subsection/p/me
*              located within: "subsec-sec-1-1-the-dashboard-speedometer-and-odometer-distance-as-accumulated-motion" (xml:id), "Distance as accumulated motion" (title)
*              located at: pretext/book/part/chapter/section/subsection/p/me
*              located within: "subsec-sec-1-1-the-dashboard-speedometer-and-odometer-distance-as-accumulated-motion" (xml:id), "Distance as accumulated motion" (title)
*              located at: pretext/book/part/chapter/section/subsection/p/me
*              located within: "subsec-sec-1-1-the-dashboard-speedometer-and-odometer-velocity-as-changing-distance" (xml:id), "Velocity as changing distance" (title)
*              located at: pretext/book/part/chapter/section/subsection/p/me
*              located within: "subsec-sec-1-1-the-dashboard-speedometer-and-odometer-velocity-as-changing-distance" (xml:id), "Velocity as changing distance" (title)
* --------------
successful application of C:\Users\cyril\.ptx\2.53.0\core\xsl\pretext-html.xsl
Removing temporary directory C:\Users\cyril\AppData\Local\Temp\ptx-3em8l8np
[33mwarning: [0mFailed to remove temporary directories, starting with C:\Users\cyril\AppData\Local\Temp\ptx-3em8l8np (and maybe some others): [WinError 5] Access is denied: 'C:\\Users\\cyril\\AppData\\Local\\Temp\\ptx-3em8l8np\\external\\images'

Finished build for target web. Run `pretext view web` to see the results.


Success!  Built requested target(s) without errors.


