{
  "source_files": 209,
  "counts": {
    "pretext": 2,
    "docinfo": 1,
    "document-id": 1,
    "directories": 1,
    "macros": 1,
    "latex-image-preamble": 1,
    "book": 1,
    "title": 3355,
    "subtitle": 1,
    "frontmatter": 1,
    "bibinfo": 1,
    "author": 1,
    "personname": 1,
    "institution": 1,
    "date": 1,
    "today": 1,
    "titlepage": 1,
    "titlepage-items": 1,
    "preface": 2,
    "p": 18935,
    "part": 8,
    "chapter": 17,
    "introduction": 23,
    "md": 12365,
    "section": 182,
    "em": 270,
    "figure": 322,
    "caption": 322,
    "image": 365,
    "latex-image": 364,
    "m": 11714,
    "subsection": 979,
    "exercise": 580,
    "statement": 1224,
    "hint": 580,
    "q": 50,
    "table": 148,
    "tabular": 148,
    "row": 814,
    "cell": 2279,
    "strong": 507,
    "mrow": 771,
    "sidebyside": 33,
    "note": 428,
    "example": 596,
    "theorem": 33,
    "xref": 26,
    "paragraphs": 452,
    "ol": 182,
    "li": 1314,
    "definition": 15,
    "warning": 57,
    "ul": 1,
    "pre": 14,
    "shortdescription": 1,
    "asymptote": 1,
    "backmatter": 1,
    "appendix": 6,
    "c": 5,
    "colophon": 1
  },
  "errors": 24510,
  "error_examples": [
    "display outside p: file:/D:/work/sabbatical/2025/Books/SV-Calculus/source/chapters/ch01-velocity-distance-and-the-first-shape-of-calculus/ch01-velocity-distance-and-the-first-shape-of-calculus.ptx:11",
    "md without mrow: file:/D:/work/sabbatical/2025/Books/SV-Calculus/source/chapters/ch01-velocity-distance-and-the-first-shape-of-calculus/ch01-velocity-distance-and-the-first-shape-of-calculus.ptx:11",
    "display outside p: file:/D:/work/sabbatical/2025/Books/SV-Calculus/source/chapters/ch01-velocity-distance-and-the-first-shape-of-calculus/ch01-velocity-distance-and-the-first-shape-of-calculus.ptx:15",
    "md without mrow: file:/D:/work/sabbatical/2025/Books/SV-Calculus/source/chapters/ch01-velocity-distance-and-the-first-shape-of-calculus/ch01-velocity-distance-and-the-first-shape-of-calculus.ptx:15",
    "display outside p: file:/D:/work/sabbatical/2025/Books/SV-Calculus/source/chapters/ch01-velocity-distance-and-the-first-shape-of-calculus/sections/sec-1-1-the-dashboard-speedometer-and-odometer.xml:40",
    "md without mrow: file:/D:/work/sabbatical/2025/Books/SV-Calculus/source/chapters/ch01-velocity-distance-and-the-first-shape-of-calculus/sections/sec-1-1-the-dashboard-speedometer-and-odometer.xml:40",
    "display outside p: file:/D:/work/sabbatical/2025/Books/SV-Calculus/source/chapters/ch01-velocity-distance-and-the-first-shape-of-calculus/sections/sec-1-1-the-dashboard-speedometer-and-odometer.xml:44",
    "md without mrow: file:/D:/work/sabbatical/2025/Books/SV-Calculus/source/chapters/ch01-velocity-distance-and-the-first-shape-of-calculus/sections/sec-1-1-the-dashboard-speedometer-and-odometer.xml:44"
  ]
}
