Version 2.55.0 of pretext is available.  You are currently using version 2.53.0.
To upgrade, run `pretext upgrade`.
PreTeXt project found in `D:\work\sabbatical\2025\Books\SV-Calculus`.
[33mwarning: [0mUsing CLI version 2.53.0 but project's `requirements.txt`
[33mwarning: [0mis configured to use 2.49.1. Consider either installing
[33mwarning: [0mCLI version 2.49.1 or running `pretext update-project`
[33mwarning: [0mto update `requirements.txt` and other managed files to match 2.53.0.
Building target web
XSL conversion of D:\work\sabbatical\2025\Books\SV-Calculus\source\main.ptx by C:\Users\cyril\.ptx\2.53.0\core\xsl\utilities\pretext-enhanced-source.xsl
messages from the log for XSL processing (prefaced with a *):
[33mwarning: [0m* PTX:WARNING: the external directory is specified both within "docinfo" ("directories/@external") and in the publication file ("source/directories/@external").  The "docinfo" value is used; please remove the publication file entry.
successful application of C:\Users\cyril\.ptx\2.53.0\core\xsl\utilities\pretext-enhanced-source.xsl
discovering source file's directory name: D:\work\sabbatical\2025\Books\SV-Calculus\source
verifying and expanding input directory: D:\work\sabbatical\2025\Books\SV-Calculus\source\../assets
input directory expanded to absolute path: D:\work\sabbatical\2025\Books\SV-Calculus\assets
[33mwarning: [0mthe external directory is specified both within "docinfo" ("directories/@external") and in the publisher file ("source/directories/@external").  The "docinfo" value is used; please remove the publisher file entry.
Preparing to build into D:\work\sabbatical\2025\Books\SV-Calculus\output\web.
discovering source file's directory name: D:\work\sabbatical\2025\Books\SV-Calculus\source
verifying and expanding input directory: D:\work\sabbatical\2025\Books\SV-Calculus\source\../assets
input directory expanded to absolute path: D:\work\sabbatical\2025\Books\SV-Calculus\assets
[33mwarning: [0mthe external directory is specified both within "docinfo" ("directories/@external") and in the publisher file ("source/directories/@external").  The "docinfo" value is used; please remove the publisher file entry.
discovering source file's directory name: D:\work\sabbatical\2025\Books\SV-Calculus\source
XSL conversion of D:\work\sabbatical\2025\Books\SV-Calculus\source\main.ptx by C:\Users\cyril\.ptx\2.53.0\core\xsl\utilities\report-publisher-variables.xsl
messages from the log for XSL processing (prefaced with a *):
[33mwarning: [0m* PTX:WARNING: the external directory is specified both within "docinfo" ("directories/@external") and in the publication file ("source/directories/@external").  The "docinfo" value is used; please remove the publication file entry.
successful application of C:\Users\cyril\.ptx\2.53.0\core\xsl\utilities\report-publisher-variables.xsl
Downloading rs services file from https://runestone.academy/cdn/runestone/latest/webpack_static_imports.xml.
Runestone Services via online CDN query: version 8.3.3
Downloading Runestone Services, version 8.3.3
Extracting Runestone Services from archive file
Building custom css theme: theme-default-modern
converting D:\work\sabbatical\2025\Books\SV-Calculus\source\main.ptx to HTML in C:\Users\cyril\AppData\Local\Temp\ptx-b_8ipez5
XSL conversion of D:\work\sabbatical\2025\Books\SV-Calculus\source\main.ptx by C:\Users\cyril\.ptx\2.53.0\core\xsl\pretext-html.xsl
messages from the log for XSL processing (prefaced with a *):
[33mwarning: [0m* PTX:WARNING: the external directory is specified both within "docinfo" ("directories/@external") and in the publication file ("source/directories/@external").  The "docinfo" value is used; please remove the publication file entry.
* PTX:INFO:   checking all deprecated elements.
successful application of C:\Users\cyril\.ptx\2.53.0\core\xsl\pretext-html.xsl
Removing temporary directory C:\Users\cyril\AppData\Local\Temp\ptx-b_8ipez5
[33mwarning: [0mFailed to remove temporary directories, starting with C:\Users\cyril\AppData\Local\Temp\ptx-b_8ipez5 (and maybe some others): [WinError 5] Access is denied: 'C:\\Users\\cyril\\AppData\\Local\\Temp\\ptx-b_8ipez5\\external\\images'

Finished build for target web. Run `pretext view web` to see the results.


Success!  Built requested target(s) without errors.


